2026-09-16 02:59:25 - ═══════════════════════════════════════════════════════════════════════════
2026-09-16 02:59:25 - VÉRIFICATION PRÉREQUIS
2026-09-16 02:59:25 - ═══════════════════════════════════════════════════════════════════════════
2026-09-16 02:59:25 - [1/3] Git...
2026-09-16 02:59:25 - ✓ Git : git version 2.53.0
2026-09-16 02:59:25 - [2/3] GitHub CLI...
2026-09-16 02:59:25 - ✓ gh : gh version 2.42.0 (2024-01-11)
2026-09-16 02:59:25 - [3/3] Authentification GitHub...
2026-09-16 02:59:25 - ✓ Authentification active
2026-09-16 02:59:25 - ═══════════════════════════════════════════════════════════════════════════
2026-09-16 02:59:25 - ✓ TOUS PRÉREQUIS OK
2026-09-16 02:59:25 - ═══════════════════════════════════════════════════════════════════════════
2026-09-16 02:59:25 - ═══════════════════════════════════════════════════════════════════════════
2026-09-16 02:59:25 - CRÉATION DÉPÔT GIT COMPLET
2026-09-16 02:59:25 - ═══════════════════════════════════════════════════════════════════════════
2026-09-16 02:59:25 - [1/7] Répertoire local: /mnt/data2_78g/Security/scripts/Projects_network/wifi_air_suite
2026-09-16 02:59:25 - → Répertoire existe, conservation fichiers
2026-09-16 02:59:25 - ✓ Accès répertoire OK
2026-09-16 02:59:25 - [2/7] Fichiers de base (README en priorité)...
2026-09-16 02:59:25 - ✓ README.md mis à jour
2026-09-16 02:59:25 - ✓ .gitignore mis à jour (19 entrées ajoutées)
2026-09-16 02:59:26 - → .gitignore déjà à jour
2026-09-16 02:59:26 - [3/7] Vérification Git...
2026-09-16 02:59:26 - → Initialisation nouveau dépôt Git (branche main)
2026-09-16 02:59:26 - [4/7] Dépôt distant GitHub...
2026-09-16 02:59:29 - ✓ Dépôt distant OK (VIDE)
2026-09-16 02:59:29 - [5/7] Remote origin...
2026-09-16 02:59:29 - ✓ Remote configurée
2026-09-16 02:59:29 - [6/7] Branche initial_branch...
2026-09-16 02:59:29 - ✓ Sur branche initial_branch
2026-09-16 02:59:29 - [7/7] Commit et push main...
2026-09-16 02:59:31 - ✓ Push main OK
2026-09-16 02:59:31 - ═══════════════════════════════════════════════════════════════════════════
2026-09-16 02:59:31 - ✓ DÉPÔT CRÉÉ AVEC SUCCÈS
2026-09-16 02:59:31 - ═══════════════════════════════════════════════════════════════════════════
2026-09-16 02:59:31 - 
2026-09-16 02:59:31 - INFOS:
2026-09-16 02:59:31 -   • Nom      : wifi_air_suite
2026-09-16 02:59:31 -   • Owner    : bdelnoz
2026-09-16 02:59:31 -   • Visibilité: public
2026-09-16 02:59:31 -   • Local    : /mnt/data2_78g/Security/scripts/Projects_network/wifi_air_suite
2026-09-16 02:59:31 -   • Distant  : https://github.com/bdelnoz/wifi_air_suite (VIDE)
2026-09-16 02:59:31 -   • Branches : main, initial_branch (locale ACTIVE: main)
2026-09-16 02:59:31 -   • Fichiers : Suivis et poussés sur main
2026-09-16 02:59:31 - 
2026-09-16 02:59:31 - ⚠ IMPORTANT: Dépôt distant initialisé avec commit auto
2026-09-16 02:59:31 - 
2026-09-16 02:59:31 - PROCHAINES ÉTAPES:
2026-09-16 02:59:31 -   cd /mnt/data2_78g/Security/scripts/Projects_network/wifi_air_suite
2026-09-16 02:59:31 -   git status
2026-09-16 02:59:31 - 
2026-09-16 02:59:31 - ═══════════════════════════════════════════════════════════════════════════
2026-09-16 02:59:31 - 
2026-09-16 02:59:31 - ═══════════════════════════════════════════════════════════════════════════
2026-09-16 02:59:31 - Script terminé: 2026-09-16 02:59:31
2026-09-16 02:59:31 - ═══════════════════════════════════════════════════════════════════════════
